INFO [2025-07-28 15:08:40] $x
INFO [2025-07-28 15:08:40] list(names(which(delta_underNFDS == 1)), names(which(ga_ppxsero_NFDS_vec == 
INFO [2025-07-28 15:08:40]     1)))
INFO [2025-07-28 15:08:40] 
INFO [2025-07-28 15:08:40] $category.names
INFO [2025-07-28 15:08:40] c("delta", "genAlg")
INFO [2025-07-28 15:08:40] 
INFO [2025-07-28 15:08:40] $filename
INFO [2025-07-28 15:08:40] [1] "../venn_diagramm_NFDSgenes_delta_genAlg.png"
INFO [2025-07-28 15:08:40] 
INFO [2025-07-28 15:08:40] $output
INFO [2025-07-28 15:08:40] [1] TRUE
INFO [2025-07-28 15:08:40] 
INFO [2025-07-28 15:08:40] $imagetype
INFO [2025-07-28 15:08:40] [1] "png"
INFO [2025-07-28 15:08:40] 
INFO [2025-07-28 15:08:40] $height
INFO [2025-07-28 15:08:40] [1] 960
INFO [2025-07-28 15:08:40] 
INFO [2025-07-28 15:08:40] $width
INFO [2025-07-28 15:08:40] [1] 960
INFO [2025-07-28 15:08:40] 
INFO [2025-07-28 15:08:40] $resolution
INFO [2025-07-28 15:08:40] [1] 600
INFO [2025-07-28 15:08:40] 
INFO [2025-07-28 15:08:40] $compression
INFO [2025-07-28 15:08:40] [1] "lzw"
INFO [2025-07-28 15:08:40] 
INFO [2025-07-28 15:08:40] $lwd
INFO [2025-07-28 15:08:40] [1] 2
INFO [2025-07-28 15:08:40] 
INFO [2025-07-28 15:08:40] $lty
INFO [2025-07-28 15:08:40] [1] "blank"
INFO [2025-07-28 15:08:40] 
INFO [2025-07-28 15:08:40] $fill
INFO [2025-07-28 15:08:40] c("#B3E2CD", "#FDCDAC")
INFO [2025-07-28 15:08:40] 
INFO [2025-07-28 15:08:40] $cex
INFO [2025-07-28 15:08:40] [1] 0.6
INFO [2025-07-28 15:08:40] 
INFO [2025-07-28 15:08:40] $fontface
INFO [2025-07-28 15:08:40] [1] "bold"
INFO [2025-07-28 15:08:40] 
INFO [2025-07-28 15:08:40] $fontfamily
INFO [2025-07-28 15:08:40] [1] "sans"
INFO [2025-07-28 15:08:40] 
INFO [2025-07-28 15:08:40] $cat.cex
INFO [2025-07-28 15:08:40] [1] 0.6
INFO [2025-07-28 15:08:40] 
INFO [2025-07-28 15:08:40] $cat.fontface
INFO [2025-07-28 15:08:40] [1] "bold"
INFO [2025-07-28 15:08:40] 
INFO [2025-07-28 15:08:40] $cat.default.pos
INFO [2025-07-28 15:08:40] [1] "outer"
INFO [2025-07-28 15:08:40] 
INFO [2025-07-28 15:08:40] $cat.dist
INFO [2025-07-28 15:08:40] c(0.055, 0.055)
INFO [2025-07-28 15:08:40] 
INFO [2025-07-28 15:08:40] $cat.fontfamily
INFO [2025-07-28 15:08:40] [1] "sans"
INFO [2025-07-28 15:08:40] 
