INFO [2025-08-04 13:27:35] $x
INFO [2025-08-04 13:27:35] list(names(which(ga_ppxsero_NFDS_vec[gene_name_overlap] == 1)), 
INFO [2025-08-04 13:27:35]     names(which(ga_ppxsero_Nepal_vec[gene_name_overlap] == 1)), 
INFO [2025-08-04 13:27:35]     names(which(ga_ppxsero_UK_vec[gene_name_overlap] == 1)))
INFO [2025-08-04 13:27:35] 
INFO [2025-08-04 13:27:35] $category.names
INFO [2025-08-04 13:27:35] c("US", "Nepal", "UK")
INFO [2025-08-04 13:27:35] 
INFO [2025-08-04 13:27:35] $filename
INFO [2025-08-04 13:27:35] [1] "../venn_diagramm_NFDSgenes_delta_genAlg.png"
INFO [2025-08-04 13:27:35] 
INFO [2025-08-04 13:27:35] $output
INFO [2025-08-04 13:27:35] [1] TRUE
INFO [2025-08-04 13:27:35] 
INFO [2025-08-04 13:27:35] $imagetype
INFO [2025-08-04 13:27:35] [1] "png"
INFO [2025-08-04 13:27:35] 
INFO [2025-08-04 13:27:35] $height
INFO [2025-08-04 13:27:35] [1] 960
INFO [2025-08-04 13:27:35] 
INFO [2025-08-04 13:27:35] $width
INFO [2025-08-04 13:27:35] [1] 960
INFO [2025-08-04 13:27:35] 
INFO [2025-08-04 13:27:35] $resolution
INFO [2025-08-04 13:27:35] [1] 600
INFO [2025-08-04 13:27:35] 
INFO [2025-08-04 13:27:35] $compression
INFO [2025-08-04 13:27:35] [1] "lzw"
INFO [2025-08-04 13:27:35] 
INFO [2025-08-04 13:27:35] $lwd
INFO [2025-08-04 13:27:35] [1] 2
INFO [2025-08-04 13:27:35] 
INFO [2025-08-04 13:27:35] $lty
INFO [2025-08-04 13:27:35] [1] "blank"
INFO [2025-08-04 13:27:35] 
INFO [2025-08-04 13:27:35] $fill
INFO [2025-08-04 13:27:35] myCol
INFO [2025-08-04 13:27:35] 
INFO [2025-08-04 13:27:35] $cex
INFO [2025-08-04 13:27:35] [1] 0.6
INFO [2025-08-04 13:27:35] 
INFO [2025-08-04 13:27:35] $fontface
INFO [2025-08-04 13:27:35] [1] "bold"
INFO [2025-08-04 13:27:35] 
INFO [2025-08-04 13:27:35] $fontfamily
INFO [2025-08-04 13:27:35] [1] "sans"
INFO [2025-08-04 13:27:35] 
INFO [2025-08-04 13:27:35] $cat.cex
INFO [2025-08-04 13:27:35] [1] 0.6
INFO [2025-08-04 13:27:35] 
INFO [2025-08-04 13:27:35] $cat.fontface
INFO [2025-08-04 13:27:35] [1] "bold"
INFO [2025-08-04 13:27:35] 
INFO [2025-08-04 13:27:35] $cat.default.pos
INFO [2025-08-04 13:27:35] [1] "outer"
INFO [2025-08-04 13:27:35] 
INFO [2025-08-04 13:27:35] $cat.dist
INFO [2025-08-04 13:27:35] c(0.055, 0.055, 0.055)
INFO [2025-08-04 13:27:35] 
INFO [2025-08-04 13:27:35] $cat.fontfamily
INFO [2025-08-04 13:27:35] [1] "sans"
INFO [2025-08-04 13:27:35] 
