INFO [2025-08-04 13:27:16] $x
INFO [2025-08-04 13:27:16] list(names(which(ga_ppxsero_NFDS_vec[gene_name_overlap] == 1)), 
INFO [2025-08-04 13:27:16]     names(which(ga_ppxsero_Nepal_vec[gene_name_overlap] == 1)), 
INFO [2025-08-04 13:27:16]     names(which(ga_ppxsero_UK_vec[gene_name_overlap] == 1)))
INFO [2025-08-04 13:27:16] 
INFO [2025-08-04 13:27:16] $category.names
INFO [2025-08-04 13:27:16] c("US", "Nepal", "UK")
INFO [2025-08-04 13:27:16] 
INFO [2025-08-04 13:27:16] $filename
INFO [2025-08-04 13:27:16] [1] "../venn_diagramm_NFDSgenes_delta_genAlg.png"
INFO [2025-08-04 13:27:16] 
INFO [2025-08-04 13:27:16] $output
INFO [2025-08-04 13:27:16] [1] TRUE
INFO [2025-08-04 13:27:16] 
INFO [2025-08-04 13:27:16] $imagetype
INFO [2025-08-04 13:27:16] [1] "png"
INFO [2025-08-04 13:27:16] 
INFO [2025-08-04 13:27:16] $height
INFO [2025-08-04 13:27:16] [1] 960
INFO [2025-08-04 13:27:16] 
INFO [2025-08-04 13:27:16] $width
INFO [2025-08-04 13:27:16] [1] 960
INFO [2025-08-04 13:27:16] 
INFO [2025-08-04 13:27:16] $resolution
INFO [2025-08-04 13:27:16] [1] 600
INFO [2025-08-04 13:27:16] 
INFO [2025-08-04 13:27:16] $compression
INFO [2025-08-04 13:27:16] [1] "lzw"
INFO [2025-08-04 13:27:16] 
INFO [2025-08-04 13:27:16] $lwd
INFO [2025-08-04 13:27:16] [1] 2
INFO [2025-08-04 13:27:16] 
INFO [2025-08-04 13:27:16] $lty
INFO [2025-08-04 13:27:16] [1] "blank"
INFO [2025-08-04 13:27:16] 
INFO [2025-08-04 13:27:16] $fill
INFO [2025-08-04 13:27:16] c("#B3E2CD", "#FDCDAC")
INFO [2025-08-04 13:27:16] 
INFO [2025-08-04 13:27:16] $cex
INFO [2025-08-04 13:27:16] [1] 0.6
INFO [2025-08-04 13:27:16] 
INFO [2025-08-04 13:27:16] $fontface
INFO [2025-08-04 13:27:16] [1] "bold"
INFO [2025-08-04 13:27:16] 
INFO [2025-08-04 13:27:16] $fontfamily
INFO [2025-08-04 13:27:16] [1] "sans"
INFO [2025-08-04 13:27:16] 
INFO [2025-08-04 13:27:16] $cat.cex
INFO [2025-08-04 13:27:16] [1] 0.6
INFO [2025-08-04 13:27:16] 
INFO [2025-08-04 13:27:16] $cat.fontface
INFO [2025-08-04 13:27:16] [1] "bold"
INFO [2025-08-04 13:27:16] 
INFO [2025-08-04 13:27:16] $cat.default.pos
INFO [2025-08-04 13:27:16] [1] "outer"
INFO [2025-08-04 13:27:16] 
INFO [2025-08-04 13:27:16] $cat.dist
INFO [2025-08-04 13:27:16] c(0.055, 0.055)
INFO [2025-08-04 13:27:16] 
INFO [2025-08-04 13:27:16] $cat.fontfamily
INFO [2025-08-04 13:27:16] [1] "sans"
INFO [2025-08-04 13:27:16] 
ERROR [2025-08-04 13:27:16] Unexpected parameter length for "fill"
