INFO [2025-07-28 14:57:28] $x
INFO [2025-07-28 14:57:28] list(names(which(delta_underNFDS == 1)), names(which(ga_ppxsero_NFDS_vec == 
INFO [2025-07-28 14:57:28]     1)))
INFO [2025-07-28 14:57:28] 
INFO [2025-07-28 14:57:28] $category.names
INFO [2025-07-28 14:57:28] c("delta", "genAlg")
INFO [2025-07-28 14:57:28] 
INFO [2025-07-28 14:57:28] $filename
INFO [2025-07-28 14:57:28] [1] "../venn_diagramm_NFDSgenes_delta_genAlg.png"
INFO [2025-07-28 14:57:28] 
INFO [2025-07-28 14:57:28] $output
INFO [2025-07-28 14:57:28] [1] TRUE
INFO [2025-07-28 14:57:28] 
INFO [2025-07-28 14:57:28] $imagetype
INFO [2025-07-28 14:57:28] [1] "png"
INFO [2025-07-28 14:57:28] 
INFO [2025-07-28 14:57:28] $height
INFO [2025-07-28 14:57:28] [1] 960
INFO [2025-07-28 14:57:28] 
INFO [2025-07-28 14:57:28] $width
INFO [2025-07-28 14:57:28] [1] 960
INFO [2025-07-28 14:57:28] 
INFO [2025-07-28 14:57:28] $resolution
INFO [2025-07-28 14:57:28] [1] 600
INFO [2025-07-28 14:57:28] 
INFO [2025-07-28 14:57:28] $compression
INFO [2025-07-28 14:57:28] [1] "lzw"
INFO [2025-07-28 14:57:28] 
INFO [2025-07-28 14:57:28] $lwd
INFO [2025-07-28 14:57:28] [1] 2
INFO [2025-07-28 14:57:28] 
INFO [2025-07-28 14:57:28] $lty
INFO [2025-07-28 14:57:28] [1] "blank"
INFO [2025-07-28 14:57:28] 
INFO [2025-07-28 14:57:28] $fill
INFO [2025-07-28 14:57:28] c("#B3E2CD", "#FDCDAC")
INFO [2025-07-28 14:57:28] 
INFO [2025-07-28 14:57:28] $cex
INFO [2025-07-28 14:57:28] [1] 0.6
INFO [2025-07-28 14:57:28] 
INFO [2025-07-28 14:57:28] $fontface
INFO [2025-07-28 14:57:28] [1] "bold"
INFO [2025-07-28 14:57:28] 
INFO [2025-07-28 14:57:28] $fontfamily
INFO [2025-07-28 14:57:28] [1] "sans"
INFO [2025-07-28 14:57:28] 
INFO [2025-07-28 14:57:28] $cat.cex
INFO [2025-07-28 14:57:28] [1] 0.6
INFO [2025-07-28 14:57:28] 
INFO [2025-07-28 14:57:28] $cat.fontface
INFO [2025-07-28 14:57:28] [1] "bold"
INFO [2025-07-28 14:57:28] 
INFO [2025-07-28 14:57:28] $cat.default.pos
INFO [2025-07-28 14:57:28] [1] "outer"
INFO [2025-07-28 14:57:28] 
INFO [2025-07-28 14:57:28] $cat.dist
INFO [2025-07-28 14:57:28] c(0.055, 0.055, 0.065)
INFO [2025-07-28 14:57:28] 
INFO [2025-07-28 14:57:28] $cat.fontfamily
INFO [2025-07-28 14:57:28] [1] "sans"
INFO [2025-07-28 14:57:28] 
ERROR [2025-07-28 14:57:28] Unexpected parameter length for "cat.dist"
