INFO [2025-07-28 14:55:47] $x
INFO [2025-07-28 14:55:47] list(names(which(delta_underNFDS == 1)), names(which(ga_ppxsero_NFDS_vec == 
INFO [2025-07-28 14:55:47]     1)))
INFO [2025-07-28 14:55:47] 
INFO [2025-07-28 14:55:47] $category.names
INFO [2025-07-28 14:55:47] c("US", "UK", "Nepal")
INFO [2025-07-28 14:55:47] 
INFO [2025-07-28 14:55:47] $filename
INFO [2025-07-28 14:55:47] [1] "../venn_diagramm_NFDSgenes.png"
INFO [2025-07-28 14:55:47] 
INFO [2025-07-28 14:55:47] $output
INFO [2025-07-28 14:55:47] [1] TRUE
INFO [2025-07-28 14:55:47] 
INFO [2025-07-28 14:55:47] $imagetype
INFO [2025-07-28 14:55:47] [1] "png"
INFO [2025-07-28 14:55:47] 
INFO [2025-07-28 14:55:47] $height
INFO [2025-07-28 14:55:47] [1] 960
INFO [2025-07-28 14:55:47] 
INFO [2025-07-28 14:55:47] $width
INFO [2025-07-28 14:55:47] [1] 960
INFO [2025-07-28 14:55:47] 
INFO [2025-07-28 14:55:47] $resolution
INFO [2025-07-28 14:55:47] [1] 600
INFO [2025-07-28 14:55:47] 
INFO [2025-07-28 14:55:47] $compression
INFO [2025-07-28 14:55:47] [1] "lzw"
INFO [2025-07-28 14:55:47] 
INFO [2025-07-28 14:55:47] $lwd
INFO [2025-07-28 14:55:47] [1] 2
INFO [2025-07-28 14:55:47] 
INFO [2025-07-28 14:55:47] $lty
INFO [2025-07-28 14:55:47] [1] "blank"
INFO [2025-07-28 14:55:47] 
INFO [2025-07-28 14:55:47] $fill
INFO [2025-07-28 14:55:47] myCol
INFO [2025-07-28 14:55:47] 
INFO [2025-07-28 14:55:47] $cex
INFO [2025-07-28 14:55:47] [1] 0.6
INFO [2025-07-28 14:55:47] 
INFO [2025-07-28 14:55:47] $fontface
INFO [2025-07-28 14:55:47] [1] "bold"
INFO [2025-07-28 14:55:47] 
INFO [2025-07-28 14:55:47] $fontfamily
INFO [2025-07-28 14:55:47] [1] "sans"
INFO [2025-07-28 14:55:47] 
INFO [2025-07-28 14:55:47] $cat.cex
INFO [2025-07-28 14:55:47] [1] 0.6
INFO [2025-07-28 14:55:47] 
INFO [2025-07-28 14:55:47] $cat.fontface
INFO [2025-07-28 14:55:47] [1] "bold"
INFO [2025-07-28 14:55:47] 
INFO [2025-07-28 14:55:47] $cat.default.pos
INFO [2025-07-28 14:55:47] [1] "outer"
INFO [2025-07-28 14:55:47] 
INFO [2025-07-28 14:55:47] $cat.dist
INFO [2025-07-28 14:55:47] c(0.055, 0.055, 0.065)
INFO [2025-07-28 14:55:47] 
INFO [2025-07-28 14:55:47] $cat.fontfamily
INFO [2025-07-28 14:55:47] [1] "sans"
INFO [2025-07-28 14:55:47] 
ERROR [2025-07-28 14:55:47] Unexpected parameter length for "category"
