INFO [2025-07-28 14:56:14] $x
INFO [2025-07-28 14:56:14] list(names(which(delta_underNFDS == 1)), names(which(ga_ppxsero_NFDS_vec == 
INFO [2025-07-28 14:56:14]     1)))
INFO [2025-07-28 14:56:14] 
INFO [2025-07-28 14:56:14] $category.names
INFO [2025-07-28 14:56:14] c("delta", "genAlg")
INFO [2025-07-28 14:56:14] 
INFO [2025-07-28 14:56:14] $filename
INFO [2025-07-28 14:56:14] [1] "../venn_diagramm_NFDSgenes_delta_genAlg.png"
INFO [2025-07-28 14:56:14] 
INFO [2025-07-28 14:56:14] $output
INFO [2025-07-28 14:56:14] [1] TRUE
INFO [2025-07-28 14:56:14] 
INFO [2025-07-28 14:56:14] $imagetype
INFO [2025-07-28 14:56:14] [1] "png"
INFO [2025-07-28 14:56:14] 
INFO [2025-07-28 14:56:14] $height
INFO [2025-07-28 14:56:14] [1] 960
INFO [2025-07-28 14:56:14] 
INFO [2025-07-28 14:56:14] $width
INFO [2025-07-28 14:56:14] [1] 960
INFO [2025-07-28 14:56:14] 
INFO [2025-07-28 14:56:14] $resolution
INFO [2025-07-28 14:56:14] [1] 600
INFO [2025-07-28 14:56:14] 
INFO [2025-07-28 14:56:14] $compression
INFO [2025-07-28 14:56:14] [1] "lzw"
INFO [2025-07-28 14:56:14] 
INFO [2025-07-28 14:56:14] $lwd
INFO [2025-07-28 14:56:14] [1] 2
INFO [2025-07-28 14:56:14] 
INFO [2025-07-28 14:56:14] $lty
INFO [2025-07-28 14:56:14] [1] "blank"
INFO [2025-07-28 14:56:14] 
INFO [2025-07-28 14:56:14] $fill
INFO [2025-07-28 14:56:14] myCol
INFO [2025-07-28 14:56:14] 
INFO [2025-07-28 14:56:14] $cex
INFO [2025-07-28 14:56:14] [1] 0.6
INFO [2025-07-28 14:56:14] 
INFO [2025-07-28 14:56:14] $fontface
INFO [2025-07-28 14:56:14] [1] "bold"
INFO [2025-07-28 14:56:14] 
INFO [2025-07-28 14:56:14] $fontfamily
INFO [2025-07-28 14:56:14] [1] "sans"
INFO [2025-07-28 14:56:14] 
INFO [2025-07-28 14:56:14] $cat.cex
INFO [2025-07-28 14:56:14] [1] 0.6
INFO [2025-07-28 14:56:14] 
INFO [2025-07-28 14:56:14] $cat.fontface
INFO [2025-07-28 14:56:14] [1] "bold"
INFO [2025-07-28 14:56:14] 
INFO [2025-07-28 14:56:14] $cat.default.pos
INFO [2025-07-28 14:56:14] [1] "outer"
INFO [2025-07-28 14:56:14] 
INFO [2025-07-28 14:56:14] $cat.dist
INFO [2025-07-28 14:56:14] c(0.055, 0.055, 0.065)
INFO [2025-07-28 14:56:14] 
INFO [2025-07-28 14:56:14] $cat.fontfamily
INFO [2025-07-28 14:56:14] [1] "sans"
INFO [2025-07-28 14:56:14] 
ERROR [2025-07-28 14:56:14] Unexpected parameter length for "fill"
