INFO [2025-07-28 14:57:37] $x
INFO [2025-07-28 14:57:37] list(names(which(delta_underNFDS == 1)), names(which(ga_ppxsero_NFDS_vec == 
INFO [2025-07-28 14:57:37]     1)))
INFO [2025-07-28 14:57:37] 
INFO [2025-07-28 14:57:37] $category.names
INFO [2025-07-28 14:57:37] c("delta", "genAlg")
INFO [2025-07-28 14:57:37] 
INFO [2025-07-28 14:57:37] $filename
INFO [2025-07-28 14:57:37] [1] "../venn_diagramm_NFDSgenes_delta_genAlg.png"
INFO [2025-07-28 14:57:37] 
INFO [2025-07-28 14:57:37] $output
INFO [2025-07-28 14:57:37] [1] TRUE
INFO [2025-07-28 14:57:37] 
INFO [2025-07-28 14:57:37] $imagetype
INFO [2025-07-28 14:57:37] [1] "png"
INFO [2025-07-28 14:57:37] 
INFO [2025-07-28 14:57:37] $height
INFO [2025-07-28 14:57:37] [1] 960
INFO [2025-07-28 14:57:37] 
INFO [2025-07-28 14:57:37] $width
INFO [2025-07-28 14:57:37] [1] 960
INFO [2025-07-28 14:57:37] 
INFO [2025-07-28 14:57:37] $resolution
INFO [2025-07-28 14:57:37] [1] 600
INFO [2025-07-28 14:57:37] 
INFO [2025-07-28 14:57:37] $compression
INFO [2025-07-28 14:57:37] [1] "lzw"
INFO [2025-07-28 14:57:37] 
INFO [2025-07-28 14:57:37] $lwd
INFO [2025-07-28 14:57:37] [1] 2
INFO [2025-07-28 14:57:37] 
INFO [2025-07-28 14:57:37] $lty
INFO [2025-07-28 14:57:37] [1] "blank"
INFO [2025-07-28 14:57:37] 
INFO [2025-07-28 14:57:37] $fill
INFO [2025-07-28 14:57:37] c("#B3E2CD", "#FDCDAC")
INFO [2025-07-28 14:57:37] 
INFO [2025-07-28 14:57:37] $cex
INFO [2025-07-28 14:57:37] [1] 0.6
INFO [2025-07-28 14:57:37] 
INFO [2025-07-28 14:57:37] $fontface
INFO [2025-07-28 14:57:37] [1] "bold"
INFO [2025-07-28 14:57:37] 
INFO [2025-07-28 14:57:37] $fontfamily
INFO [2025-07-28 14:57:37] [1] "sans"
INFO [2025-07-28 14:57:37] 
INFO [2025-07-28 14:57:37] $cat.cex
INFO [2025-07-28 14:57:37] [1] 0.6
INFO [2025-07-28 14:57:37] 
INFO [2025-07-28 14:57:37] $cat.fontface
INFO [2025-07-28 14:57:37] [1] "bold"
INFO [2025-07-28 14:57:37] 
INFO [2025-07-28 14:57:37] $cat.default.pos
INFO [2025-07-28 14:57:37] [1] "outer"
INFO [2025-07-28 14:57:37] 
INFO [2025-07-28 14:57:37] $cat.dist
INFO [2025-07-28 14:57:37] c(0.055, 0.055)
INFO [2025-07-28 14:57:37] 
INFO [2025-07-28 14:57:37] $cat.fontfamily
INFO [2025-07-28 14:57:37] [1] "sans"
INFO [2025-07-28 14:57:37] 
