INFO [2025-08-04 13:27:24] $x
INFO [2025-08-04 13:27:24] list(names(which(ga_ppxsero_NFDS_vec[gene_name_overlap] == 1)), 
INFO [2025-08-04 13:27:24]     names(which(ga_ppxsero_Nepal_vec[gene_name_overlap] == 1)), 
INFO [2025-08-04 13:27:24]     names(which(ga_ppxsero_UK_vec[gene_name_overlap] == 1)))
INFO [2025-08-04 13:27:24] 
INFO [2025-08-04 13:27:24] $category.names
INFO [2025-08-04 13:27:24] c("US", "Nepal", "UK")
INFO [2025-08-04 13:27:24] 
INFO [2025-08-04 13:27:24] $filename
INFO [2025-08-04 13:27:24] [1] "../venn_diagramm_NFDSgenes_delta_genAlg.png"
INFO [2025-08-04 13:27:24] 
INFO [2025-08-04 13:27:24] $output
INFO [2025-08-04 13:27:24] [1] TRUE
INFO [2025-08-04 13:27:24] 
INFO [2025-08-04 13:27:24] $imagetype
INFO [2025-08-04 13:27:24] [1] "png"
INFO [2025-08-04 13:27:24] 
INFO [2025-08-04 13:27:24] $height
INFO [2025-08-04 13:27:24] [1] 960
INFO [2025-08-04 13:27:24] 
INFO [2025-08-04 13:27:24] $width
INFO [2025-08-04 13:27:24] [1] 960
INFO [2025-08-04 13:27:24] 
INFO [2025-08-04 13:27:24] $resolution
INFO [2025-08-04 13:27:24] [1] 600
INFO [2025-08-04 13:27:24] 
INFO [2025-08-04 13:27:24] $compression
INFO [2025-08-04 13:27:24] [1] "lzw"
INFO [2025-08-04 13:27:24] 
INFO [2025-08-04 13:27:24] $lwd
INFO [2025-08-04 13:27:24] [1] 2
INFO [2025-08-04 13:27:24] 
INFO [2025-08-04 13:27:24] $lty
INFO [2025-08-04 13:27:24] [1] "blank"
INFO [2025-08-04 13:27:24] 
INFO [2025-08-04 13:27:24] $fill
INFO [2025-08-04 13:27:24] myCol
INFO [2025-08-04 13:27:24] 
INFO [2025-08-04 13:27:24] $cex
INFO [2025-08-04 13:27:24] [1] 0.6
INFO [2025-08-04 13:27:24] 
INFO [2025-08-04 13:27:24] $fontface
INFO [2025-08-04 13:27:24] [1] "bold"
INFO [2025-08-04 13:27:24] 
INFO [2025-08-04 13:27:24] $fontfamily
INFO [2025-08-04 13:27:24] [1] "sans"
INFO [2025-08-04 13:27:24] 
INFO [2025-08-04 13:27:24] $cat.cex
INFO [2025-08-04 13:27:24] [1] 0.6
INFO [2025-08-04 13:27:24] 
INFO [2025-08-04 13:27:24] $cat.fontface
INFO [2025-08-04 13:27:24] [1] "bold"
INFO [2025-08-04 13:27:24] 
INFO [2025-08-04 13:27:24] $cat.default.pos
INFO [2025-08-04 13:27:24] [1] "outer"
INFO [2025-08-04 13:27:24] 
INFO [2025-08-04 13:27:24] $cat.dist
INFO [2025-08-04 13:27:24] c(0.055, 0.055)
INFO [2025-08-04 13:27:24] 
INFO [2025-08-04 13:27:24] $cat.fontfamily
INFO [2025-08-04 13:27:24] [1] "sans"
INFO [2025-08-04 13:27:24] 
ERROR [2025-08-04 13:27:24] Unexpected parameter length for "cat.dist"
